// Jest Snapshot v1, https://goo.gl/fbAQLP

exports[`request.js is match snapshot callNewsApi? 1`] = `[Function]`;

exports[`request.js is match snapshot callNewsApi? 2`] = `[Function]`;

exports[`request.js is match snapshot newsAPI? 1`] = `[Function]`;
