// Jest Snapshot v1, https://goo.gl/fbAQLP

exports[`<Card/> matches the snap shot 1`] = `<CardSkeleton />`;
